[16/Sep/2026:00:31:23 +0200] [upstream] [3589830] STDERR:     |     await self.middleware_stack(scope, receive, send)
[16/Sep/2026:00:31:23 +0200] [upstream] [3589830] STDERR:     |   File "/home/thior/www/moncap-api/venv/lib/python3.13/site-packages/starlette/routing.py", line 680, in app
[16/Sep/2026:00:31:23 +0200] [upstream] [3589830] STDERR:     |     await route.handle(scope, receive, send)
[16/Sep/2026:00:31:23 +0200] [upstream] [3589830] STDERR:     |   File "/home/thior/www/moncap-api/venv/lib/python3.13/site-packages/starlette/routing.py", line 276, in handle
[16/Sep/2026:00:31:23 +0200] [upstream] [3589830] STDERR:     |     await self.app(scope, receive, send)
[16/Sep/2026:00:31:23 +0200] [upstream] [3589830] STDERR:     |   File "/home/thior/www/moncap-api/venv/lib/python3.13/site-packages/fastapi/routing.py", line 134, in app
[16/Sep/2026:00:31:23 +0200] [upstream] [3589830] STDERR:     |     await wrap_app_handling_exceptions(app, request)(scope, receive, send)
[16/Sep/2026:00:31:23 +0200] [upstream] [3589830] STDERR:     |   File "/home/thior/www/moncap-api/venv/lib/python3.13/site-packages/starlette/_exception_handler.py", line 53, in wrapped_app
[16/Sep/2026:00:31:23 +0200] [upstream] [3589830] STDERR:     |     raise exc
[16/Sep/2026:00:31:23 +0200] [upstream] [3589830] STDERR:     |   File "/home/thior/www/moncap-api/venv/lib/python3.13/site-packages/starlette/_exception_handler.py", line 42, in wrapped_app
[16/Sep/2026:00:31:23 +0200] [upstream] [3589830] STDERR:     |     await app(scope, receive, sender)
[16/Sep/2026:00:31:23 +0200] [upstream] [3589830] STDERR:     |   File "/home/thior/www/moncap-api/venv/lib/python3.13/site-packages/fastapi/routing.py", line 120, in app
[16/Sep/2026:00:31:23 +0200] [upstream] [3589830] STDERR:     |     response = await f(request)
[16/Sep/2026:00:31:23 +0200] [upstream] [3589830] STDERR:     |                ^^^^^^^^^^^^^^^^
[16/Sep/2026:00:31:23 +0200] [upstream] [3589830] STDERR:     |   File "/home/thior/www/moncap-api/venv/lib/python3.13/site-packages/fastapi/routing.py", line 674, in app
[16/Sep/2026:00:31:23 +0200] [upstream] [3589830] STDERR:     |     raw_response = await run_endpoint_function(
[16/Sep/2026:00:31:23 +0200] [upstream] [3589830] STDERR:     |                    ^^^^^^^^^^^^^^^^^^^^^^^^^^^^
[16/Sep/2026:00:31:23 +0200] [upstream] [3589830] STDERR:     |     ...<3 lines>...
[16/Sep/2026:00:31:23 +0200] [upstream] [3589830] STDERR:     |     )
[16/Sep/2026:00:31:23 +0200] [upstream] [3589830] STDERR:     |     ^
[16/Sep/2026:00:31:23 +0200] [upstream] [3589830] STDERR:     |   File "/home/thior/www/moncap-api/venv/lib/python3.13/site-packages/fastapi/routing.py", line 328, in run_endpoint_function
[16/Sep/2026:00:31:23 +0200] [upstream] [3589830] STDERR:     |     return await dependant.call(**values)
[16/Sep/2026:00:31:23 +0200] [upstream] [3589830] STDERR:     |            ^^^^^^^^^^^^^^^^^^^^^^^^^^^^^^
[16/Sep/2026:00:31:23 +0200] [upstream] [3589830] STDERR:     |   File "/home/thior/www/moncap-api/app/api/v1/routes/paiements.py", line 110, in etat_cotisation_publique
[16/Sep/2026:00:31:23 +0200] [upstream] [3589830] STDERR:     |     (adhesion.montant_adhesion_paye is not None and adhesion.montant_adhesion_paye >= (adhesion.montant_adhesion or 0))
[16/Sep/2026:00:31:23 +0200] [upstream] [3589830] STDERR:     |      ^^^^^^^^^^^^^^^^^^^^^^^^^^^^^^
[16/Sep/2026:00:31:23 +0200] [upstream] [3589830] STDERR:     | AttributeError: 'Adhesion' object has no attribute 'montant_adhesion_paye'. Did you mean: 'montant_adhesion'?
[16/Sep/2026:00:31:23 +0200] [upstream] [3589830] STDERR:     +------------------------------------
[16/Sep/2026:00:31:23 +0200] [upstream] [3589830] STDERR: 
[16/Sep/2026:00:31:23 +0200] [upstream] [3589830] STDERR: The above exception was the direct cause of the following exception:
[16/Sep/2026:00:31:23 +0200] [upstream] [3589830] STDERR: 
[16/Sep/2026:00:31:23 +0200] [upstream] [3589830] STDERR: Traceback (most recent call last):
[16/Sep/2026:00:31:23 +0200] [upstream] [3589830] STDERR:   File "/home/thior/www/moncap-api/app/main.py", line 103, in ajouter_cors_sur_erreur
[16/Sep/2026:00:31:23 +0200] [upstream] [3589830] STDERR:     response = await call_next(request)
[16/Sep/2026:00:31:23 +0200] [upstream] [3589830] STDERR:                ^^^^^^^^^^^^^^^^^^^^^^^^
[16/Sep/2026:00:31:23 +0200] [upstream] [3589830] STDERR:   File "/home/thior/www/moncap-api/venv/lib/python3.13/site-packages/starlette/middleware/base.py", line 168, in call_next
[16/Sep/2026:00:31:23 +0200] [upstream] [3589830] STDERR:     raise app_exc from app_exc.__cause__ or app_exc.__context__
[16/Sep/2026:00:31:23 +0200] [upstream] [3589830] STDERR:   File "/home/thior/www/moncap-api/venv/lib/python3.13/site-packages/starlette/middleware/base.py", line 144, in coro
[16/Sep/2026:00:31:23 +0200] [upstream] [3589830] STDERR:     await self.app(scope, receive_or_disconnect, send_no_error)
[16/Sep/2026:00:31:23 +0200] [upstream] [3589830] STDERR:   File "/home/thior/www/moncap-api/venv/lib/python3.13/site-packages/starlette/middleware/cors.py", line 96, in __call__
[16/Sep/2026:00:31:23 +0200] [upstream] [3589830] STDERR:     await self.simple_response(scope, receive, send, request_headers=headers)
[16/Sep/2026:00:31:23 +0200] [upstream] [3589830] STDERR:   File "/home/thior/www/moncap-api/venv/lib/python3.13/site-packages/starlette/middleware/cors.py", line 154, in simple_response
[16/Sep/2026:00:31:23 +0200] [upstream] [3589830] STDERR:     await self.app(scope, receive, send)
[16/Sep/2026:00:31:23 +0200] [upstream] [3589830] STDERR:   File "/home/thior/www/moncap-api/venv/lib/python3.13/site-packages/starlette/middleware/base.py", line 191, in __call__
[16/Sep/2026:00:31:23 +0200] [upstream] [3589830] STDERR:     with recv_stream, send_stream, collapse_excgroups():
[16/Sep/2026:00:31:23 +0200] [upstream] [3589830] STDERR:                                    ~~~~~~~~~~~~~~~~~~^^
[16/Sep/2026:00:31:23 +0200] [upstream] [3589830] STDERR:   File "/usr/alwaysdata/python/3.13/lib/python3.13/contextlib.py", line 162, in __exit__
[16/Sep/2026:00:31:23 +0200] [upstream] [3589830] STDERR:     self.gen.throw(value)
[16/Sep/2026:00:31:23 +0200] [upstream] [3589830] STDERR:     ~~~~~~~~~~~~~~^^^^^^^
[16/Sep/2026:00:31:23 +0200] [upstream] [3589830] STDERR:   File "/home/thior/www/moncap-api/venv/lib/python3.13/site-packages/starlette/_utils.py", line 87, in collapse_excgroups
[16/Sep/2026:00:31:23 +0200] [upstream] [3589830] STDERR:     raise exc
[16/Sep/2026:00:31:23 +0200] [upstream] [3589830] STDERR:   File "/home/thior/www/moncap-api/venv/lib/python3.13/site-packages/starlette/middleware/base.py", line 193, in __call__
[16/Sep/2026:00:31:23 +0200] [upstream] [3589830] STDERR:     response = await self.dispatch_func(request, call_next)
[16/Sep/2026:00:31:23 +0200] [upstream] [3589830] STDERR:                ^^^^^^^^^^^^^^^^^^^^^^^^^^^^^^^^^^^^^^^^^^^^
[16/Sep/2026:00:31:23 +0200] [upstream] [3589830] STDERR:   File "/home/thior/www/moncap-api/app/core/middleware.py", line 23, in dispatch
[16/Sep/2026:00:31:23 +0200] [upstream] [3589830] STDERR:     response = await call_next(request)
[16/Sep/2026:00:31:23 +0200] [upstream] [3589830] STDERR:                ^^^^^^^^^^^^^^^^^^^^^^^^
[16/Sep/2026:00:31:23 +0200] [upstream] [3589830] STDERR:   File "/home/thior/www/moncap-api/venv/lib/python3.13/site-packages/starlette/middleware/base.py", line 168, in call_next
[16/Sep/2026:00:31:23 +0200] [upstream] [3589830] STDERR:     raise app_exc from app_exc.__cause__ or app_exc.__context__
[16/Sep/2026:00:31:23 +0200] [upstream] [3589830] STDERR:   File "/home/thior/www/moncap-api/venv/lib/python3.13/site-packages/starlette/middleware/base.py", line 144, in coro
[16/Sep/2026:00:31:23 +0200] [upstream] [3589830] STDERR:     await self.app(scope, receive_or_disconnect, send_no_error)
[16/Sep/2026:00:31:23 +0200] [upstream] [3589830] STDERR:   File "/home/thior/www/moncap-api/venv/lib/python3.13/site-packages/starlette/middleware/base.py", line 191, in __call__
[16/Sep/2026:00:31:23 +0200] [upstream] [3589830] STDERR:     with recv_stream, send_stream, collapse_excgroups():
[16/Sep/2026:00:31:23 +0200] [upstream] [3589830] STDERR:                                    ~~~~~~~~~~~~~~~~~~^^
[16/Sep/2026:00:31:23 +0200] [upstream] [3589830] STDERR:   File "/usr/alwaysdata/python/3.13/lib/python3.13/contextlib.py", line 162, in __exit__
[16/Sep/2026:00:31:23 +0200] [upstream] [3589830] STDERR:     self.gen.throw(value)
[16/Sep/2026:00:31:23 +0200] [upstream] [3589830] STDERR:     ~~~~~~~~~~~~~~^^^^^^^
[16/Sep/2026:00:31:23 +0200] [upstream] [3589830] STDERR:   File "/home/thior/www/moncap-api/venv/lib/python3.13/site-packages/starlette/_utils.py", line 87, in collapse_excgroups
[16/Sep/2026:00:31:23 +0200] [upstream] [3589830] STDERR:     raise exc
[16/Sep/2026:00:31:23 +0200] [upstream] [3589830] STDERR:   File "/home/thior/www/moncap-api/venv/lib/python3.13/site-packages/starlette/middleware/base.py", line 193, in __call__
[16/Sep/2026:00:31:23 +0200] [upstream] [3589830] STDERR:     response = await self.dispatch_func(request, call_next)
[16/Sep/2026:00:31:23 +0200] [upstream] [3589830] STDERR:                ^^^^^^^^^^^^^^^^^^^^^^^^^^^^^^^^^^^^^^^^^^^^
[16/Sep/2026:00:31:23 +0200] [upstream] [3589830] STDERR:   File "/home/thior/www/moncap-api/app/core/middleware.py", line 15, in dispatch
[16/Sep/2026:00:31:23 +0200] [upstream] [3589830] STDERR:     response = await call_next(request)
[16/Sep/2026:00:31:23 +0200] [upstream] [3589830] STDERR:                ^^^^^^^^^^^^^^^^^^^^^^^^
[16/Sep/2026:00:31:23 +0200] [upstream] [3589830] STDERR:   File "/home/thior/www/moncap-api/venv/lib/python3.13/site-packages/starlette/middleware/base.py", line 168, in call_next
[16/Sep/2026:00:31:23 +0200] [upstream] [3589830] STDERR:     raise app_exc from app_exc.__cause__ or app_exc.__context__
[16/Sep/2026:00:31:23 +0200] [upstream] [3589830] STDERR:   File "/home/thior/www/moncap-api/venv/lib/python3.13/site-packages/starlette/middleware/base.py", line 144, in coro
[16/Sep/2026:00:31:23 +0200] [upstream] [3589830] STDERR:     await self.app(scope, receive_or_disconnect, send_no_error)
[16/Sep/2026:00:31:23 +0200] [upstream] [3589830] STDERR:   File "/home/thior/www/moncap-api/venv/lib/python3.13/site-packages/starlette/middleware/exceptions.py", line 63, in __call__
[16/Sep/2026:00:31:23 +0200] [upstream] [3589830] STDERR:     await wrap_app_handling_exceptions(self.app, conn)(scope, receive, send)
[16/Sep/2026:00:31:23 +0200] [upstream] [3589830] STDERR:   File "/home/thior/www/moncap-api/venv/lib/python3.13/site-packages/starlette/_exception_handler.py", line 53, in wrapped_app
[16/Sep/2026:00:31:23 +0200] [upstream] [3589830] STDERR:     raise exc
[16/Sep/2026:00:31:23 +0200] [upstream] [3589830] STDERR:   File "/home/thior/www/moncap-api/venv/lib/python3.13/site-packages/starlette/_exception_handler.py", line 42, in wrapped_app
[16/Sep/2026:00:31:23 +0200] [upstream] [3589830] STDERR:     await app(scope, receive, sender)
[16/Sep/2026:00:31:23 +0200] [upstream] [3589830] STDERR:   File "/home/thior/www/moncap-api/venv/lib/python3.13/site-packages/fastapi/middleware/asyncexitstack.py", line 18, in __call__
[16/Sep/2026:00:31:23 +0200] [upstream] [3589830] STDERR:     await self.app(scope, receive, send)
[16/Sep/2026:00:31:23 +0200] [upstream] [3589830] STDERR:   File "/home/thior/www/moncap-api/venv/lib/python3.13/site-packages/starlette/routing.py", line 660, in __call__
[16/Sep/2026:00:31:23 +0200] [upstream] [3589830] STDERR:     await self.middleware_stack(scope, receive, send)
[16/Sep/2026:00:31:23 +0200] [upstream] [3589830] STDERR:   File "/home/thior/www/moncap-api/venv/lib/python3.13/site-packages/starlette/routing.py", line 680, in app
[16/Sep/2026:00:31:23 +0200] [upstream] [3589830] STDERR:     await route.handle(scope, receive, send)
[16/Sep/2026:00:31:23 +0200] [upstream] [3589830] STDERR:   File "/home/thior/www/moncap-api/venv/lib/python3.13/site-packages/starlette/routing.py", line 276, in handle
[16/Sep/2026:00:31:23 +0200] [upstream] [3589830] STDERR:     await self.app(scope, receive, send)
[16/Sep/2026:00:31:23 +0200] [upstream] [3589830] STDERR:   File "/home/thior/www/moncap-api/venv/lib/python3.13/site-packages/fastapi/routing.py", line 134, in app
[16/Sep/2026:00:31:23 +0200] [upstream] [3589830] STDERR:     await wrap_app_handling_exceptions(app, request)(scope, receive, send)
[16/Sep/2026:00:31:23 +0200] [upstream] [3589830] STDERR:   File "/home/thior/www/moncap-api/venv/lib/python3.13/site-packages/starlette/_exception_handler.py", line 53, in wrapped_app
[16/Sep/2026:00:31:23 +0200] [upstream] [3589830] STDERR:     raise exc
[16/Sep/2026:00:31:23 +0200] [upstream] [3589830] STDERR:   File "/home/thior/www/moncap-api/venv/lib/python3.13/site-packages/starlette/_exception_handler.py", line 42, in wrapped_app
[16/Sep/2026:00:31:23 +0200] [upstream] [3589830] STDERR:     await app(scope, receive, sender)
[16/Sep/2026:00:31:23 +0200] [upstream] [3589830] STDERR:   File "/home/thior/www/moncap-api/venv/lib/python3.13/site-packages/fastapi/routing.py", line 120, in app
[16/Sep/2026:00:31:23 +0200] [upstream] [3589830] STDERR:     response = await f(request)
[16/Sep/2026:00:31:23 +0200] [upstream] [3589830] STDERR:                ^^^^^^^^^^^^^^^^
[16/Sep/2026:00:31:23 +0200] [upstream] [3589830] STDERR:   File "/home/thior/www/moncap-api/venv/lib/python3.13/site-packages/fastapi/routing.py", line 674, in app
[16/Sep/2026:00:31:23 +0200] [upstream] [3589830] STDERR:     raw_response = await run_endpoint_function(
[16/Sep/2026:00:31:23 +0200] [upstream] [3589830] STDERR:                    ^^^^^^^^^^^^^^^^^^^^^^^^^^^^
[16/Sep/2026:00:31:23 +0200] [upstream] [3589830] STDERR:     ...<3 lines>...
[16/Sep/2026:00:31:23 +0200] [upstream] [3589830] STDERR:     )
[16/Sep/2026:00:31:23 +0200] [upstream] [3589830] STDERR:     ^
[16/Sep/2026:00:31:23 +0200] [upstream] [3589830] STDERR:   File "/home/thior/www/moncap-api/venv/lib/python3.13/site-packages/fastapi/routing.py", line 328, in run_endpoint_function
[16/Sep/2026:00:31:23 +0200] [upstream] [3589830] STDERR:     return await dependant.call(**values)
[16/Sep/2026:00:31:23 +0200] [upstream] [3589830] STDERR:            ^^^^^^^^^^^^^^^^^^^^^^^^^^^^^^
[16/Sep/2026:00:31:23 +0200] [upstream] [3589830] STDERR:   File "/home/thior/www/moncap-api/app/api/v1/routes/paiements.py", line 110, in etat_cotisation_publique
[16/Sep/2026:00:31:23 +0200] [upstream] [3589830] STDERR:     (adhesion.montant_adhesion_paye is not None and adhesion.montant_adhesion_paye >= (adhesion.montant_adhesion or 0))
[16/Sep/2026:00:31:23 +0200] [upstream] [3589830] STDERR:      ^^^^^^^^^^^^^^^^^^^^^^^^^^^^^^
[16/Sep/2026:00:31:23 +0200] [upstream] [3589830] STDERR: AttributeError: 'Adhesion' object has no attribute 'montant_adhesion_paye'. Did you mean: 'montant_adhesion'?
[16/Sep/2026:00:31:23 +0200] [upstream] [3589830] STDOUT: INFO:     ::1:50646 - "GET /api/v1/paiements/cotisation/etat?adh=a9319fcc-6304-45e9-9180-d239b143f631 HTTP/1.1" 500 Internal Server Error
[16/Sep/2026:00:31:23 +0200] [upstream] [3589830] STDOUT: INFO:     ::1:50630 - "GET /api/v1/auth/me HTTP/1.1" 200 OK
[16/Sep/2026:00:31:24 +0200] [upstream] [3589830] STDERR: Exception non gérée sur GET /api/v1/paiements/cotisation/etat
[16/Sep/2026:00:31:24 +0200] [upstream] [3589830] STDERR:   + Exception Group Traceback (most recent call last):
[16/Sep/2026:00:31:24 +0200] [upstream] [3589830] STDERR:   |   File "/home/thior/www/moncap-api/venv/lib/python3.13/site-packages/starlette/_utils.py", line 81, in collapse_excgroups
[16/Sep/2026:00:31:24 +0200] [upstream] [3589830] STDERR:   |     yield
[16/Sep/2026:00:31:24 +0200] [upstream] [3589830] STDERR:   |   File "/home/thior/www/moncap-api/venv/lib/python3.13/site-packages/starlette/middleware/base.py", line 192, in __call__
[16/Sep/2026:00:31:24 +0200] [upstream] [3589830] STDERR:   |     async with anyio.create_task_group() as task_group:
[16/Sep/2026:00:31:24 +0200] [upstream] [3589830] STDERR:   |                ~~~~~~~~~~~~~~~~~~~~~~~^^
[16/Sep/2026:00:31:24 +0200] [upstream] [3589830] STDERR:   |   File "/home/thior/www/moncap-api/venv/lib/python3.13/site-packages/anyio/_backends/_asyncio.py", line 799, in __aexit__
[16/Sep/2026:00:31:24 +0200] [upstream] [3589830] STDERR:   |     raise BaseExceptionGroup(
[16/Sep/2026:00:31:24 +0200] [upstream] [3589830] STDERR:   |         "unhandled errors in a TaskGroup", self._exceptions
[16/Sep/2026:00:31:24 +0200] [upstream] [3589830] STDERR:   |     ) from None
[16/Sep/2026:00:31:24 +0200] [upstream] [3589830] STDERR:   | ExceptionGroup: unhandled errors in a TaskGroup (1 sub-exception)
[16/Sep/2026:00:31:24 +0200] [upstream] [3589830] STDERR:   +-+---------------- 1 ----------------
[16/Sep/2026:00:31:24 +0200] [upstream] [3589830] STDERR:     | Traceback (most recent call last):
[16/Sep/2026:00:31:24 +0200] [upstream] [3589830] STDERR:     |   File "/home/thior/www/moncap-api/app/main.py", line 103, in ajouter_cors_sur_erreur
[16/Sep/2026:00:31:24 +0200] [upstream] [3589830] STDERR:     |     response = await call_next(request)
[16/Sep/2026:00:31:24 +0200] [upstream] [3589830] STDERR:     |                ^^^^^^^^^^^^^^^^^^^^^^^^
[16/Sep/2026:00:31:24 +0200] [upstream] [3589830] STDERR:     |   File "/home/thior/www/moncap-api/venv/lib/python3.13/site-packages/starlette/middleware/base.py", line 168, in call_next
[16/Sep/2026:00:31:24 +0200] [upstream] [3589830] STDERR:     |     raise app_exc from app_exc.__cause__ or app_exc.__context__
[16/Sep/2026:00:31:24 +0200] [upstream] [3589830] STDERR:     |   File "/home/thior/www/moncap-api/venv/lib/python3.13/site-packages/starlette/middleware/base.py", line 144, in coro
[16/Sep/2026:00:31:24 +0200] [upstream] [3589830] STDERR:     |     await self.app(scope, receive_or_disconnect, send_no_error)
[16/Sep/2026:00:31:24 +0200] [upstream] [3589830] STDERR:     |   File "/home/thior/www/moncap-api/venv/lib/python3.13/site-packages/starlette/middleware/cors.py", line 96, in __call__
[16/Sep/2026:00:31:24 +0200] [upstream] [3589830] STDERR:     |     await self.simple_response(scope, receive, send, request_headers=headers)
[16/Sep/2026:00:31:24 +0200] [upstream] [3589830] STDERR:     |   File "/home/thior/www/moncap-api/venv/lib/python3.13/site-packages/starlette/middleware/cors.py", line 154, in simple_response
[16/Sep/2026:00:31:24 +0200] [upstream] [3589830] STDERR:     |     await self.app(scope, receive, send)
[16/Sep/2026:00:31:24 +0200] [upstream] [3589830] STDERR:     |   File "/home/thior/www/moncap-api/venv/lib/python3.13/site-packages/starlette/middleware/base.py", line 191, in __call__
[16/Sep/2026:00:31:24 +0200] [upstream] [3589830] STDERR:     |     with recv_stream, send_stream, collapse_excgroups():
[16/Sep/2026:00:31:24 +0200] [upstream] [3589830] STDERR:     |                                    ~~~~~~~~~~~~~~~~~~^^
[16/Sep/2026:00:31:24 +0200] [upstream] [3589830] STDERR:     |   File "/usr/alwaysdata/python/3.13/lib/python3.13/contextlib.py", line 162, in __exit__
[16/Sep/2026:00:31:24 +0200] [upstream] [3589830] STDERR:     |     self.gen.throw(value)
[16/Sep/2026:00:31:24 +0200] [upstream] [3589830] STDERR:     |     ~~~~~~~~~~~~~~^^^^^^^
[16/Sep/2026:00:31:24 +0200] [upstream] [3589830] STDERR:     |   File "/home/thior/www/moncap-api/venv/lib/python3.13/site-packages/starlette/_utils.py", line 87, in collapse_excgroups
[16/Sep/2026:00:31:24 +0200] [upstream] [3589830] STDERR:     |     raise exc
[16/Sep/2026:00:31:24 +0200] [upstream] [3589830] STDERR:     |   File "/home/thior/www/moncap-api/venv/lib/python3.13/site-packages/starlette/middleware/base.py", line 193, in __call__
[16/Sep/2026:00:31:24 +0200] [upstream] [3589830] STDERR:     |     response = await self.dispatch_func(request, call_next)
[16/Sep/2026:00:31:24 +0200] [upstream] [3589830] STDERR:     |                ^^^^^^^^^^^^^^^^^^^^^^^^^^^^^^^^^^^^^^^^^^^^
[16/Sep/2026:00:31:24 +0200] [upstream] [3589830] STDERR:     |   File "/home/thior/www/moncap-api/app/core/middleware.py", line 23, in dispatch
[16/Sep/2026:00:31:24 +0200] [upstream] [3589830] STDERR:     |     response = await call_next(request)
[16/Sep/2026:00:31:24 +0200] [upstream] [3589830] STDERR:     |                ^^^^^^^^^^^^^^^^^^^^^^^^
[16/Sep/2026:00:31:24 +0200] [upstream] [3589830] STDERR:     |   File "/home/thior/www/moncap-api/venv/lib/python3.13/site-packages/starlette/middleware/base.py", line 168, in call_next
[16/Sep/2026:00:31:24 +0200] [upstream] [3589830] STDERR:     |     raise app_exc from app_exc.__cause__ or app_exc.__context__
[16/Sep/2026:00:31:24 +0200] [upstream] [3589830] STDERR:     |   File "/home/thior/www/moncap-api/venv/lib/python3.13/site-packages/starlette/middleware/base.py", line 144, in coro
[16/Sep/2026:00:31:24 +0200] [upstream] [3589830] STDERR:     |     await self.app(scope, receive_or_disconnect, send_no_error)
[16/Sep/2026:00:31:24 +0200] [upstream] [3589830] STDERR:     |   File "/home/thior/www/moncap-api/venv/lib/python3.13/site-packages/starlette/middleware/base.py", line 191, in __call__
[16/Sep/2026:00:31:24 +0200] [upstream] [3589830] STDERR:     |     with recv_stream, send_stream, collapse_excgroups():
[16/Sep/2026:00:31:24 +0200] [upstream] [3589830] STDERR:     |                                    ~~~~~~~~~~~~~~~~~~^^
[16/Sep/2026:00:31:24 +0200] [upstream] [3589830] STDERR:     |   File "/usr/alwaysdata/python/3.13/lib/python3.13/contextlib.py", line 162, in __exit__
[16/Sep/2026:00:31:24 +0200] [upstream] [3589830] STDERR:     |     self.gen.throw(value)
[16/Sep/2026:00:31:24 +0200] [upstream] [3589830] STDERR:     |     ~~~~~~~~~~~~~~^^^^^^^
[16/Sep/2026:00:31:24 +0200] [upstream] [3589830] STDERR:     |   File "/home/thior/www/moncap-api/venv/lib/python3.13/site-packages/starlette/_utils.py", line 87, in collapse_excgroups
[16/Sep/2026:00:31:24 +0200] [upstream] [3589830] STDERR:     |     raise exc
[16/Sep/2026:00:31:24 +0200] [upstream] [3589830] STDERR:     |   File "/home/thior/www/moncap-api/venv/lib/python3.13/site-packages/starlette/middleware/base.py", line 193, in __call__
[16/Sep/2026:00:31:24 +0200] [upstream] [3589830] STDERR:     |     response = await self.dispatch_func(request, call_next)
[16/Sep/2026:00:31:24 +0200] [upstream] [3589830] STDERR:     |                ^^^^^^^^^^^^^^^^^^^^^^^^^^^^^^^^^^^^^^^^^^^^
[16/Sep/2026:00:31:24 +0200] [upstream] [3589830] STDERR:     |   File "/home/thior/www/moncap-api/app/core/middleware.py", line 15, in dispatch
[16/Sep/2026:00:31:24 +0200] [upstream] [3589830] STDERR:     |     response = await call_next(request)
[16/Sep/2026:00:31:24 +0200] [upstream] [3589830] STDERR:     |                ^^^^^^^^^^^^^^^^^^^^^^^^
[16/Sep/2026:00:31:24 +0200] [upstream] [3589830] STDERR:     |   File "/home/thior/www/moncap-api/venv/lib/python3.13/site-packages/starlette/middleware/base.py", line 168, in call_next
[16/Sep/2026:00:31:24 +0200] [upstream] [3589830] STDERR:     |     raise app_exc from app_exc.__cause__ or app_exc.__context__
[16/Sep/2026:00:31:24 +0200] [upstream] [3589830] STDERR:     |   File "/home/thior/www/moncap-api/venv/lib/python3.13/site-packages/starlette/middleware/base.py", line 144, in coro
[16/Sep/2026:00:31:24 +0200] [upstream] [3589830] STDERR:     |     await self.app(scope, receive_or_disconnect, send_no_error)
[16/Sep/2026:00:31:24 +0200] [upstream] [3589830] STDERR:     |   File "/home/thior/www/moncap-api/venv/lib/python3.13/site-packages/starlette/middleware/exceptions.py", line 63, in __call__
[16/Sep/2026:00:31:24 +0200] [upstream] [3589830] STDERR:     |     await wrap_app_handling_exceptions(self.app, conn)(scope, receive, send)
[16/Sep/2026:00:31:24 +0200] [upstream] [3589830] STDERR:     |   File "/home/thior/www/moncap-api/venv/lib/python3.13/site-packages/starlette/_exception_handler.py", line 53, in wrapped_app
[16/Sep/2026:00:31:24 +0200] [upstream] [3589830] STDERR:     |     raise exc
[16/Sep/2026:00:31:24 +0200] [upstream] [3589830] STDERR:     |   File "/home/thior/www/moncap-api/venv/lib/python3.13/site-packages/starlette/_exception_handler.py", line 42, in wrapped_app
[16/Sep/2026:00:31:24 +0200] [upstream] [3589830] STDERR:     |     await app(scope, receive, sender)
[16/Sep/2026:00:31:24 +0200] [upstream] [3589830] STDERR:     |   File "/home/thior/www/moncap-api/venv/lib/python3.13/site-packages/fastapi/middleware/asyncexitstack.py", line 18, in __call__
[16/Sep/2026:00:31:24 +0200] [upstream] [3589830] STDERR:     |     await self.app(scope, receive, send)
[16/Sep/2026:00:31:24 +0200] [upstream] [3589830] STDERR:     |   File "/home/thior/www/moncap-api/venv/lib/python3.13/site-packages/starlette/routing.py", line 660, in __call__
[16/Sep/2026:00:31:24 +0200] [upstream] [3589830] STDERR:     |     await self.middleware_stack(scope, receive, send)
[16/Sep/2026:00:31:24 +0200] [upstream] [3589830] STDERR:     |   File "/home/thior/www/moncap-api/venv/lib/python3.13/site-packages/starlette/routing.py", line 680, in app
[16/Sep/2026:00:31:24 +0200] [upstream] [3589830] STDERR:     |     await route.handle(scope, receive, send)
[16/Sep/2026:00:31:24 +0200] [upstream] [3589830] STDERR:     |   File "/home/thior/www/moncap-api/venv/lib/python3.13/site-packages/starlette/routing.py", line 276, in handle
[16/Sep/2026:00:31:24 +0200] [upstream] [3589830] STDERR:     |     await self.app(scope, receive, send)
[16/Sep/2026:00:31:24 +0200] [upstream] [3589830] STDERR:     |   File "/home/thior/www/moncap-api/venv/lib/python3.13/site-packages/fastapi/routing.py", line 134, in app
[16/Sep/2026:00:31:24 +0200] [upstream] [3589830] STDERR:     |     await wrap_app_handling_exceptions(app, request)(scope, receive, send)
[16/Sep/2026:00:31:24 +0200] [upstream] [3589830] STDERR:     |   File "/home/thior/www/moncap-api/venv/lib/python3.13/site-packages/starlette/_exception_handler.py", line 53, in wrapped_app
[16/Sep/2026:00:31:24 +0200] [upstream] [3589830] STDERR:     |     raise exc
[16/Sep/2026:00:31:24 +0200] [upstream] [3589830] STDERR:     |   File "/home/thior/www/moncap-api/venv/lib/python3.13/site-packages/starlette/_exception_handler.py", line 42, in wrapped_app
[16/Sep/2026:00:31:24 +0200] [upstream] [3589830] STDERR:     |     await app(scope, receive, sender)
[16/Sep/2026:00:31:24 +0200] [upstream] [3589830] STDERR:     |   File "/home/thior/www/moncap-api/venv/lib/python3.13/site-packages/fastapi/routing.py", line 120, in app
[16/Sep/2026:00:31:24 +0200] [upstream] [3589830] STDERR:     |     response = await f(request)
[16/Sep/2026:00:31:24 +0200] [upstream] [3589830] STDERR:     |                ^^^^^^^^^^^^^^^^
[16/Sep/2026:00:31:24 +0200] [upstream] [3589830] STDERR:     |   File "/home/thior/www/moncap-api/venv/lib/python3.13/site-packages/fastapi/routing.py", line 674, in app
[16/Sep/2026:00:31:24 +0200] [upstream] [3589830] STDERR:     |     raw_response = await run_endpoint_function(
[16/Sep/2026:00:31:24 +0200] [upstream] [3589830] STDERR:     |                    ^^^^^^^^^^^^^^^^^^^^^^^^^^^^
[16/Sep/2026:00:31:24 +0200] [upstream] [3589830] STDERR:     |     ...<3 lines>...
[16/Sep/2026:00:31:24 +0200] [upstream] [3589830] STDERR:     |     )
[16/Sep/2026:00:31:24 +0200] [upstream] [3589830] STDERR:     |     ^
[16/Sep/2026:00:31:24 +0200] [upstream] [3589830] STDERR:     |   File "/home/thior/www/moncap-api/venv/lib/python3.13/site-packages/fastapi/routing.py", line 328, in run_endpoint_function
[16/Sep/2026:00:31:24 +0200] [upstream] [3589830] STDERR:     |     return await dependant.call(**values)
[16/Sep/2026:00:31:24 +0200] [upstream] [3589830] STDERR:     |            ^^^^^^^^^^^^^^^^^^^^^^^^^^^^^^
[16/Sep/2026:00:31:24 +0200] [upstream] [3589830] STDERR:     |   File "/home/thior/www/moncap-api/app/api/v1/routes/paiements.py", line 110, in etat_cotisation_publique
[16/Sep/2026:00:31:24 +0200] [upstream] [3589830] STDERR:     |     (adhesion.montant_adhesion_paye is not None and adhesion.montant_adhesion_paye >= (adhesion.montant_adhesion or 0))
[16/Sep/2026:00:31:24 +0200] [upstream] [3589830] STDERR:     |      ^^^^^^^^^^^^^^^^^^^^^^^^^^^^^^
[16/Sep/2026:00:31:24 +0200] [upstream] [3589830] STDERR:     | AttributeError: 'Adhesion' object has no attribute 'montant_adhesion_paye'. Did you mean: 'montant_adhesion'?
[16/Sep/2026:00:31:24 +0200] [upstream] [3589830] STDERR:     +------------------------------------
[16/Sep/2026:00:31:24 +0200] [upstream] [3589830] STDERR: 
[16/Sep/2026:00:31:24 +0200] [upstream] [3589830] STDERR: The above exception was the direct cause of the following exception:
[16/Sep/2026:00:31:24 +0200] [upstream] [3589830] STDERR: 
[16/Sep/2026:00:31:24 +0200] [upstream] [3589830] STDERR: Traceback (most recent call last):
[16/Sep/2026:00:31:24 +0200] [upstream] [3589830] STDERR:   File "/home/thior/www/moncap-api/app/main.py", line 103, in ajouter_cors_sur_erreur
[16/Sep/2026:00:31:24 +0200] [upstream] [3589830] STDERR:     response = await call_next(request)
[16/Sep/2026:00:31:24 +0200] [upstream] [3589830] STDERR:                ^^^^^^^^^^^^^^^^^^^^^^^^
[16/Sep/2026:00:31:24 +0200] [upstream] [3589830] STDERR:   File "/home/thior/www/moncap-api/venv/lib/python3.13/site-packages/starlette/middleware/base.py", line 168, in call_next
[16/Sep/2026:00:31:24 +0200] [upstream] [3589830] STDERR:     raise app_exc from app_exc.__cause__ or app_exc.__context__
[16/Sep/2026:00:31:24 +0200] [upstream] [3589830] STDERR:   File "/home/thior/www/moncap-api/venv/lib/python3.13/site-packages/starlette/middleware/base.py", line 144, in coro
[16/Sep/2026:00:31:24 +0200] [upstream] [3589830] STDERR:     await self.app(scope, receive_or_disconnect, send_no_error)
[16/Sep/2026:00:31:24 +0200] [upstream] [3589830] STDERR:   File "/home/thior/www/moncap-api/venv/lib/python3.13/site-packages/starlette/middleware/cors.py", line 96, in __call__
[16/Sep/2026:00:31:24 +0200] [upstream] [3589830] STDERR:     await self.simple_response(scope, receive, send, request_headers=headers)
[16/Sep/2026:00:31:24 +0200] [upstream] [3589830] STDERR:   File "/home/thior/www/moncap-api/venv/lib/python3.13/site-packages/starlette/middleware/cors.py", line 154, in simple_response
[16/Sep/2026:00:31:24 +0200] [upstream] [3589830] STDERR:     await self.app(scope, receive, send)
[16/Sep/2026:00:31:24 +0200] [upstream] [3589830] STDERR:   File "/home/thior/www/moncap-api/venv/lib/python3.13/site-packages/starlette/middleware/base.py", line 191, in __call__
[16/Sep/2026:00:31:24 +0200] [upstream] [3589830] STDERR:     with recv_stream, send_stream, collapse_excgroups():
[16/Sep/2026:00:31:24 +0200] [upstream] [3589830] STDERR:                                    ~~~~~~~~~~~~~~~~~~^^
[16/Sep/2026:00:31:24 +0200] [upstream] [3589830] STDERR:   File "/usr/alwaysdata/python/3.13/lib/python3.13/contextlib.py", line 162, in __exit__
[16/Sep/2026:00:31:24 +0200] [upstream] [3589830] STDERR:     self.gen.throw(value)
[16/Sep/2026:00:31:24 +0200] [upstream] [3589830] STDERR:     ~~~~~~~~~~~~~~^^^^^^^
[16/Sep/2026:00:31:24 +0200] [upstream] [3589830] STDERR:   File "/home/thior/www/moncap-api/venv/lib/python3.13/site-packages/starlette/_utils.py", line 87, in collapse_excgroups
[16/Sep/2026:00:31:24 +0200] [upstream] [3589830] STDERR:     raise exc
[16/Sep/2026:00:31:24 +0200] [upstream] [3589830] STDERR:   File "/home/thior/www/moncap-api/venv/lib/python3.13/site-packages/starlette/middleware/base.py", line 193, in __call__
[16/Sep/2026:00:31:24 +0200] [upstream] [3589830] STDERR:     response = await self.dispatch_func(request, call_next)
[16/Sep/2026:00:31:24 +0200] [upstream] [3589830] STDERR:                ^^^^^^^^^^^^^^^^^^^^^^^^^^^^^^^^^^^^^^^^^^^^
[16/Sep/2026:00:31:24 +0200] [upstream] [3589830] STDERR:   File "/home/thior/www/moncap-api/app/core/middleware.py", line 23, in dispatch
[16/Sep/2026:00:31:24 +0200] [upstream] [3589830] STDERR:     response = await call_next(request)
[16/Sep/2026:00:31:24 +0200] [upstream] [3589830] STDERR:                ^^^^^^^^^^^^^^^^^^^^^^^^
[16/Sep/2026:00:31:24 +0200] [upstream] [3589830] STDERR:   File "/home/thior/www/moncap-api/venv/lib/python3.13/site-packages/starlette/middleware/base.py", line 168, in call_next
[16/Sep/2026:00:31:24 +0200] [upstream] [3589830] STDERR:     raise app_exc from app_exc.__cause__ or app_exc.__context__
[16/Sep/2026:00:31:24 +0200] [upstream] [3589830] STDERR:   File "/home/thior/www/moncap-api/venv/lib/python3.13/site-packages/starlette/middleware/base.py", line 144, in coro
[16/Sep/2026:00:31:24 +0200] [upstream] [3589830] STDERR:     await self.app(scope, receive_or_disconnect, send_no_error)
[16/Sep/2026:00:31:24 +0200] [upstream] [3589830] STDERR:   File "/home/thior/www/moncap-api/venv/lib/python3.13/site-packages/starlette/middleware/base.py", line 191, in __call__
[16/Sep/2026:00:31:24 +0200] [upstream] [3589830] STDERR:     with recv_stream, send_stream, collapse_excgroups():
[16/Sep/2026:00:31:24 +0200] [upstream] [3589830] STDERR:                                    ~~~~~~~~~~~~~~~~~~^^
[16/Sep/2026:00:31:24 +0200] [upstream] [3589830] STDERR:   File "/usr/alwaysdata/python/3.13/lib/python3.13/contextlib.py", line 162, in __exit__
[16/Sep/2026:00:31:24 +0200] [upstream] [3589830] STDERR:     self.gen.throw(value)
[16/Sep/2026:00:31:24 +0200] [upstream] [3589830] STDERR:     ~~~~~~~~~~~~~~^^^^^^^
[16/Sep/2026:00:31:24 +0200] [upstream] [3589830] STDERR:   File "/home/thior/www/moncap-api/venv/lib/python3.13/site-packages/starlette/_utils.py", line 87, in collapse_excgroups
[16/Sep/2026:00:31:24 +0200] [upstream] [3589830] STDERR:     raise exc
[16/Sep/2026:00:31:24 +0200] [upstream] [3589830] STDERR:   File "/home/thior/www/moncap-api/venv/lib/python3.13/site-packages/starlette/middleware/base.py", line 193, in __call__
[16/Sep/2026:00:31:24 +0200] [upstream] [3589830] STDERR:     response = await self.dispatch_func(request, call_next)
[16/Sep/2026:00:31:24 +0200] [upstream] [3589830] STDERR:                ^^^^^^^^^^^^^^^^^^^^^^^^^^^^^^^^^^^^^^^^^^^^
[16/Sep/2026:00:31:24 +0200] [upstream] [3589830] STDERR:   File "/home/thior/www/moncap-api/app/core/middleware.py", line 15, in dispatch
[16/Sep/2026:00:31:24 +0200] [upstream] [3589830] STDERR:     response = await call_next(request)
[16/Sep/2026:00:31:24 +0200] [upstream] [3589830] STDERR:                ^^^^^^^^^^^^^^^^^^^^^^^^
[16/Sep/2026:00:31:24 +0200] [upstream] [3589830] STDERR:   File "/home/thior/www/moncap-api/venv/lib/python3.13/site-packages/starlette/middleware/base.py", line 168, in call_next
[16/Sep/2026:00:31:24 +0200] [upstream] [3589830] STDERR:     raise app_exc from app_exc.__cause__ or app_exc.__context__
[16/Sep/2026:00:31:24 +0200] [upstream] [3589830] STDERR:   File "/home/thior/www/moncap-api/venv/lib/python3.13/site-packages/starlette/middleware/base.py", line 144, in coro
[16/Sep/2026:00:31:24 +0200] [upstream] [3589830] STDERR:     await self.app(scope, receive_or_disconnect, send_no_error)
[16/Sep/2026:00:31:24 +0200] [upstream] [3589830] STDERR:   File "/home/thior/www/moncap-api/venv/lib/python3.13/site-packages/starlette/middleware/exceptions.py", line 63, in __call__
[16/Sep/2026:00:31:24 +0200] [upstream] [3589830] STDERR:     await wrap_app_handling_exceptions(self.app, conn)(scope, receive, send)
[16/Sep/2026:00:31:24 +0200] [upstream] [3589830] STDERR:   File "/home/thior/www/moncap-api/venv/lib/python3.13/site-packages/starlette/_exception_handler.py", line 53, in wrapped_app
[16/Sep/2026:00:31:24 +0200] [upstream] [3589830] STDERR:     raise exc
[16/Sep/2026:00:31:24 +0200] [upstream] [3589830] STDERR:   File "/home/thior/www/moncap-api/venv/lib/python3.13/site-packages/starlette/_exception_handler.py", line 42, in wrapped_app
[16/Sep/2026:00:31:24 +0200] [upstream] [3589830] STDERR:     await app(scope, receive, sender)
[16/Sep/2026:00:31:24 +0200] [upstream] [3589830] STDERR:   File "/home/thior/www/moncap-api/venv/lib/python3.13/site-packages/fastapi/middleware/asyncexitstack.py", line 18, in __call__
[16/Sep/2026:00:31:24 +0200] [upstream] [3589830] STDERR:     await self.app(scope, receive, send)
[16/Sep/2026:00:31:24 +0200] [upstream] [3589830] STDERR:   File "/home/thior/www/moncap-api/venv/lib/python3.13/site-packages/starlette/routing.py", line 660, in __call__
[16/Sep/2026:00:31:24 +0200] [upstream] [3589830] STDERR:     await self.middleware_stack(scope, receive, send)
[16/Sep/2026:00:31:24 +0200] [upstream] [3589830] STDERR:   File "/home/thior/www/moncap-api/venv/lib/python3.13/site-packages/starlette/routing.py", line 680, in app
[16/Sep/2026:00:31:24 +0200] [upstream] [3589830] STDERR:     await route.handle(scope, receive, send)
[16/Sep/2026:00:31:24 +0200] [upstream] [3589830] STDERR:   File "/home/thior/www/moncap-api/venv/lib/python3.13/site-packages/starlette/routing.py", line 276, in handle
[16/Sep/2026:00:31:24 +0200] [upstream] [3589830] STDERR:     await self.app(scope, receive, send)
[16/Sep/2026:00:31:24 +0200] [upstream] [3589830] STDERR:   File "/home/thior/www/moncap-api/venv/lib/python3.13/site-packages/fastapi/routing.py", line 134, in app
[16/Sep/2026:00:31:24 +0200] [upstream] [3589830] STDERR:     await wrap_app_handling_exceptions(app, request)(scope, receive, send)
[16/Sep/2026:00:31:24 +0200] [upstream] [3589830] STDERR:   File "/home/thior/www/moncap-api/venv/lib/python3.13/site-packages/starlette/_exception_handler.py", line 53, in wrapped_app
[16/Sep/2026:00:31:24 +0200] [upstream] [3589830] STDERR:     raise exc
[16/Sep/2026:00:31:24 +0200] [upstream] [3589830] STDERR:   File "/home/thior/www/moncap-api/venv/lib/python3.13/site-packages/starlette/_exception_handler.py", line 42, in wrapped_app
[16/Sep/2026:00:31:24 +0200] [upstream] [3589830] STDERR:     await app(scope, receive, sender)
[16/Sep/2026:00:31:24 +0200] [upstream] [3589830] STDERR:   File "/home/thior/www/moncap-api/venv/lib/python3.13/site-packages/fastapi/routing.py", line 120, in app
[16/Sep/2026:00:31:24 +0200] [upstream] [3589830] STDERR:     response = await f(request)
[16/Sep/2026:00:31:24 +0200] [upstream] [3589830] STDERR:                ^^^^^^^^^^^^^^^^
[16/Sep/2026:00:31:24 +0200] [upstream] [3589830] STDERR:   File "/home/thior/www/moncap-api/venv/lib/python3.13/site-packages/fastapi/routing.py", line 674, in app
[16/Sep/2026:00:31:24 +0200] [upstream] [3589830] STDERR:     raw_response = await run_endpoint_function(
[16/Sep/2026:00:31:24 +0200] [upstream] [3589830] STDERR:                    ^^^^^^^^^^^^^^^^^^^^^^^^^^^^
[16/Sep/2026:00:31:24 +0200] [upstream] [3589830] STDERR:     ...<3 lines>...
[16/Sep/2026:00:31:24 +0200] [upstream] [3589830] STDERR:     )
[16/Sep/2026:00:31:24 +0200] [upstream] [3589830] STDERR:     ^
[16/Sep/2026:00:31:24 +0200] [upstream] [3589830] STDERR:   File "/home/thior/www/moncap-api/venv/lib/python3.13/site-packages/fastapi/routing.py", line 328, in run_endpoint_function
[16/Sep/2026:00:31:24 +0200] [upstream] [3589830] STDERR:     return await dependant.call(**values)
[16/Sep/2026:00:31:24 +0200] [upstream] [3589830] STDERR:            ^^^^^^^^^^^^^^^^^^^^^^^^^^^^^^
[16/Sep/2026:00:31:24 +0200] [upstream] [3589830] STDERR:   File "/home/thior/www/moncap-api/app/api/v1/routes/paiements.py", line 110, in etat_cotisation_publique
[16/Sep/2026:00:31:24 +0200] [upstream] [3589830] STDERR:     (adhesion.montant_adhesion_paye is not None and adhesion.montant_adhesion_paye >= (adhesion.montant_adhesion or 0))
[16/Sep/2026:00:31:24 +0200] [upstream] [3589830] STDERR:      ^^^^^^^^^^^^^^^^^^^^^^^^^^^^^^
[16/Sep/2026:00:31:24 +0200] [upstream] [3589830] STDERR: AttributeError: 'Adhesion' object has no attribute 'montant_adhesion_paye'. Did you mean: 'montant_adhesion'?
[16/Sep/2026:00:31:24 +0200] [upstream] [3589830] STDOUT: INFO:     ::1:50654 - "GET /api/v1/paiements/cotisation/etat?adh=a9319fcc-6304-45e9-9180-d239b143f631 HTTP/1.1" 500 Internal Server Error